[2026-02-08 12:00:01] Cron triggered
[2026-02-08 12:00:01] Progress file found
# POXSO HUNTER V3 PRO - Progress Log

## 2025-02-08 - Phase 1 Started
- Created project structure
- Git initialized
- Ready for core engine development

## Commits
- Initial structure setup
---
[2026-02-08T12:12:22.520056] Report generator started
[2026-02-08T12:12:22.520432] Generated report: 819 chars
[2026-02-08T12:12:22.520455] Report complete
[2026-02-08T13:00:01.472002] Report generator started
[2026-02-08T13:00:01.473495] Generated report: 819 chars
[2026-02-08T13:00:01.473542] Report complete
[2026-02-08T14:00:01.738614] Report generator started
[2026-02-08T14:00:01.739513] Generated report: 819 chars
[2026-02-08T14:00:01.739558] Report complete
[2026-02-08T15:00:01.903284] Report generator started
[2026-02-08T15:00:01.905139] Generated report: 819 chars
[2026-02-08T15:00:01.905182] Report complete
[2026-02-08T16:00:01.045529] Report generator started
[2026-02-08T16:00:01.046253] Generated report: 819 chars
[2026-02-08T16:00:01.046299] Report complete
