[2026-02-08 12:12:22] Cron triggered - creating trigger file

📊 RAPPORT AUTOMATIQUE - POXSO HUNTER

🕒 2026-02-08 12:12 UTC

📄 PROGRESS.md:
# POXSO HUNTER V3 PRO - Progress Log

## 2025-02-08 - Phase 1 Started
- Created project structure
- Git initialized
- Ready for core engine development

## Commits
- Initial structure setup


📋 TASKS.md:
# POXSO HUNTER V3 PRO - Tasks

## Phase 1: Architecture & Setup ✅
- [x] Structure directories
- [x] Git init
- [x] Git config
- [x] Create PROGRESS.md
- [x] Create TASKS.md

## Phase 2: Core Engine 🔄
- [ ] Player system (WASD/Arrows, dash)
- [ ] Camera follow smooth
- [ ] Physics & collisions
- [ ] Map generation (60x40 tiles, 2 zones)

## Phase 3: Gameplay Content
- [ ] Rust Walker enemies (AI patrol/chase/attack)
- [ ] Mission system (3 keys, door, escape)
- [ ] Loot system
- [ ] Checkpoints



---
Prochain rapport dans 1 heure.

[2026-02-08 12:12:22] Trigger file created
[2026-02-08 13:00:01] Cron triggered - creating trigger file

📊 RAPPORT AUTOMATIQUE - POXSO HUNTER

🕒 2026-02-08 13:00 UTC

📄 PROGRESS.md:
# POXSO HUNTER V3 PRO - Progress Log

## 2025-02-08 - Phase 1 Started
- Created project structure
- Git initialized
- Ready for core engine development

## Commits
- Initial structure setup


📋 TASKS.md:
# POXSO HUNTER V3 PRO - Tasks

## Phase 1: Architecture & Setup ✅
- [x] Structure directories
- [x] Git init
- [x] Git config
- [x] Create PROGRESS.md
- [x] Create TASKS.md

## Phase 2: Core Engine 🔄
- [ ] Player system (WASD/Arrows, dash)
- [ ] Camera follow smooth
- [ ] Physics & collisions
- [ ] Map generation (60x40 tiles, 2 zones)

## Phase 3: Gameplay Content
- [ ] Rust Walker enemies (AI patrol/chase/attack)
- [ ] Mission system (3 keys, door, escape)
- [ ] Loot system
- [ ] Checkpoints



---
Prochain rapport dans 1 heure.

[2026-02-08 13:00:01] Trigger file created
[2026-02-08 14:00:01] Cron triggered - creating trigger file

📊 RAPPORT AUTOMATIQUE - POXSO HUNTER

🕒 2026-02-08 14:00 UTC

📄 PROGRESS.md:
# POXSO HUNTER V3 PRO - Progress Log

## 2025-02-08 - Phase 1 Started
- Created project structure
- Git initialized
- Ready for core engine development

## Commits
- Initial structure setup


📋 TASKS.md:
# POXSO HUNTER V3 PRO - Tasks

## Phase 1: Architecture & Setup ✅
- [x] Structure directories
- [x] Git init
- [x] Git config
- [x] Create PROGRESS.md
- [x] Create TASKS.md

## Phase 2: Core Engine 🔄
- [ ] Player system (WASD/Arrows, dash)
- [ ] Camera follow smooth
- [ ] Physics & collisions
- [ ] Map generation (60x40 tiles, 2 zones)

## Phase 3: Gameplay Content
- [ ] Rust Walker enemies (AI patrol/chase/attack)
- [ ] Mission system (3 keys, door, escape)
- [ ] Loot system
- [ ] Checkpoints



---
Prochain rapport dans 1 heure.

[2026-02-08 14:00:01] Trigger file created
[2026-02-08 15:00:01] Cron triggered - creating trigger file

📊 RAPPORT AUTOMATIQUE - POXSO HUNTER

🕒 2026-02-08 15:00 UTC

📄 PROGRESS.md:
# POXSO HUNTER V3 PRO - Progress Log

## 2025-02-08 - Phase 1 Started
- Created project structure
- Git initialized
- Ready for core engine development

## Commits
- Initial structure setup


📋 TASKS.md:
# POXSO HUNTER V3 PRO - Tasks

## Phase 1: Architecture & Setup ✅
- [x] Structure directories
- [x] Git init
- [x] Git config
- [x] Create PROGRESS.md
- [x] Create TASKS.md

## Phase 2: Core Engine 🔄
- [ ] Player system (WASD/Arrows, dash)
- [ ] Camera follow smooth
- [ ] Physics & collisions
- [ ] Map generation (60x40 tiles, 2 zones)

## Phase 3: Gameplay Content
- [ ] Rust Walker enemies (AI patrol/chase/attack)
- [ ] Mission system (3 keys, door, escape)
- [ ] Loot system
- [ ] Checkpoints



---
Prochain rapport dans 1 heure.

[2026-02-08 15:00:01] Trigger file created
[2026-02-08 16:00:01] Cron triggered - creating trigger file

📊 RAPPORT AUTOMATIQUE - POXSO HUNTER

🕒 2026-02-08 16:00 UTC

📄 PROGRESS.md:
# POXSO HUNTER V3 PRO - Progress Log

## 2025-02-08 - Phase 1 Started
- Created project structure
- Git initialized
- Ready for core engine development

## Commits
- Initial structure setup


📋 TASKS.md:
# POXSO HUNTER V3 PRO - Tasks

## Phase 1: Architecture & Setup ✅
- [x] Structure directories
- [x] Git init
- [x] Git config
- [x] Create PROGRESS.md
- [x] Create TASKS.md

## Phase 2: Core Engine 🔄
- [ ] Player system (WASD/Arrows, dash)
- [ ] Camera follow smooth
- [ ] Physics & collisions
- [ ] Map generation (60x40 tiles, 2 zones)

## Phase 3: Gameplay Content
- [ ] Rust Walker enemies (AI patrol/chase/attack)
- [ ] Mission system (3 keys, door, escape)
- [ ] Loot system
- [ ] Checkpoints



---
Prochain rapport dans 1 heure.

[2026-02-08 16:00:01] Trigger file created
